Microchip MPLAB XC8 Compiler V2.50

Linker command line:

-W-3 \
  --edf=C:\Program Files\Microchip\xc8\v2.50\pic\dat\20240725155939_en.msgs \
  -cn -h+dist/default/production\24021_085_CAR_BLACK_BOX.X.production.sym \
  --cmf=dist/default/production\24021_085_CAR_BLACK_BOX.X.production.cmf -z \
  -Q18F4580 -oC:\Users\Lenovo\AppData\Local\Temp\xcAsdjg.\driver_tmp_3.o \
  --defsym=__MPLAB_BUILD=1 --fixupoverflow=error \
  -Mdist/default/production/24021_085_CAR_BLACK_BOX.X.production.map \
  --md=C:\Users\Lenovo\AppData\Local\Temp\xcAsdjg.\driver_tmp_0.dat -E1 \
  -ver=XC8 Compiler --acfsm=1493 -ACODE=00h-07FFFh -ACONST=00h-07FFFh \
  -ASMALLCONST=0600h-06FFhx122 -AMEDIUMCONST=0600h-07FFFh -ACOMRAM=01h-05Fh \
  -AABS1=00h-05FFh -ABIGRAM=01h-05FFh -ARAM=060h-0FFh,0100h-01FFhx5 \
  -ABANK0=060h-0FFh -ABANK1=0100h-01FFh -ABANK2=0200h-02FFh \
  -ABANK3=0300h-03FFh -ABANK4=0400h-04FFh -ABANK5=0500h-05FFh \
  -ASFR=0D00h-0DFFhx2,0F00h-0F5Fh,0F60h-0FFFh -ABIGSFR=0D00h-0FFFh \
  -ACONFIG=0300000h-030000Dh -AIDLOC=0200000h-0200007h \
  -AEEDATA=0F00000h-0F000FFh -peeprom_data=EEDATA \
  -preset_vec=00h,intcode=8h,intcodelo,powerup,init -pramtop=0600h \
  -psmallconst=SMALLCONST -pmediumconst=MEDIUMCONST -pconst=CONST \
  -AFARRAM=00h-00h \
  -prdata=COMRAM,nvrram=COMRAM,nvbit=COMRAM,rbss=COMRAM,rbit=COMRAM \
  -pfarbss=FARRAM,fardata=FARRAM,nvFARRAM=FARRAM \
  -pintsave_regs=BIGRAM,bigbss=BIGRAM,bigdata=BIGRAM -pbss=RAM \
  -pidata=CODE,irdata=CODE,ibigdata=CODE,ifardata=CODE -prparam=COMRAM \
  C:\Users\Lenovo\AppData\Local\Temp\xcAsdjg.\driver_tmp_9.o \
  dist/default/production\24021_085_CAR_BLACK_BOX.X.production.o 

Object code version is 3.11

Machine type is 18F4580



                Name                               Link     Load   Length Selector   Space Scale
C:\Users\Lenovo\AppData\Local\Temp\xcAsdjg.\driver_tmp_9.o
                idloc                            200000   200000        8        0       5
                config                           300000   300000        E        0       4
                init                                  E        E        4        4       0
                reset_vec                             0        0        4        0       0
dist/default/production\24021_085_CAR_BLACK_BOX.X.production.o
                intcode                               8        8        6        4       0
                idloc                            200000   200000        8        0       5
                config                           300000   300000        E        0       4
                temp                                 4B       4B        1        1       1
                smallconst                          600      600       84      300       0
                intcode_body                       1D36     1D36       40      DD2       0
                text39                             1D76     1D76       3A      DD2       0
                text38                             1A7E     1A7E       6C      342       0
                text37                             1EF6     1EF6       12      DD2       0
                text36                             1F44     1F44        8      DD2       0
                text35                             1F3C     1F3C        8      DD2       0
                text34                             1F20     1F20        C      DD2       0
                text33                             1C54     1C54       54      DD2       0
                text32                             1DB0     1DB0       36      DD2       0
                text31                             1506     1506      108      342       0
                text30                             1A0A     1A0A       74      342       0
                text29                             1BFC     1BFC       58      DD2       0
                text28                             1EB2     1EB2       18      DD2       0
                text27                             1078     1078      1D8      342       0
                text26                             16F2     16F2       C2      342       0
                text25                             1EE0     1EE0       16      DD2       0
                text24                             1AEA     1AEA       5E      342       0
                text23                             1F4C     1F4C        6      DD2       0
                text22                             1F34     1F34        8      DD2       0
                text21                             1F14     1F14        C      DD2       0
                text20                             1F2C     1F2C        8      DD2       0
                text19                             1E10     1E10       2A      DD2       0
                text18                             1250     1250      172      342       0
                text17                             1E96     1E96       1C      DD2       0
                text16                             1862     1862       A6      342       0
                text15                             1DE6     1DE6       2A      DD2       0
                text14                             1E5C     1E5C       1E      DD2       0
                text13                             1CA8     1CA8       48      DD2       0
                text12                             1ECA     1ECA       16      DD2       0
                text11                             1F08     1F08        C      DD2       0
                text10                             1E3A     1E3A       22      DD2       0
                text9                              1E7A     1E7A       1C      DD2       0
                text8                              17B4     17B4       AE      342       0
                text7                               684      684      584      342       0
                text6                              1996     1996       74      342       0
                text5                              13C2     13C2      144      342       0
                text4                              160E     160E       E4      342       0
                text3                              1CF0     1CF0       46      DD2       0
                text2                               EA0      EA0      1D8      342       0
                text1                               C08      C08      298      342       0
                text0                              1908     1908       8E      342       0
                cstackCOMRAM                          1        1       25        1       1
                bssBANK1                            100      100       A0      100       1
                dataBANK0                            60       60       5B       60       1
                dataCOMRAM                           4A       4A        1        1       1
                bssCOMRAM                            26       26       24        1       1
                cinit                              1BA4     1BA4       58      DD2       0
                idataBANK0                         1B48     1B48       5B      342       0
                idataCOMRAM                        1F52     1F52        1      DD2       0

TOTAL           Name                               Link     Load   Length     Space
        CLASS   CODE           
                intcode                               8        8        6         0
                init                                  E        E        4         0
                reset_vec                             0        0        4         0
                intcode_body                       1D36     1D36       40         0
                text39                             1D76     1D76       3A         0
                text38                             1A7E     1A7E       6C         0
                text37                             1EF6     1EF6       12         0
                text36                             1F44     1F44        8         0
                text35                             1F3C     1F3C        8         0
                text34                             1F20     1F20        C         0
                text33                             1C54     1C54       54         0
                text32                             1DB0     1DB0       36         0
                text31                             1506     1506      108         0
                text30                             1A0A     1A0A       74         0
                text29                             1BFC     1BFC       58         0
                text28                             1EB2     1EB2       18         0
                text27                             1078     1078      1D8         0
                text26                             16F2     16F2       C2         0
                text25                             1EE0     1EE0       16         0
                text24                             1AEA     1AEA       5E         0
                text23                             1F4C     1F4C        6         0
                text22                             1F34     1F34        8         0
                text21                             1F14     1F14        C         0
                text20                             1F2C     1F2C        8         0
                text19                             1E10     1E10       2A         0
                text18                             1250     1250      172         0
                text17                             1E96     1E96       1C         0
                text16                             1862     1862       A6         0
                text15                             1DE6     1DE6       2A         0
                text14                             1E5C     1E5C       1E         0
                text13                             1CA8     1CA8       48         0
                text12                             1ECA     1ECA       16         0
                text11                             1F08     1F08        C         0
                text10                             1E3A     1E3A       22         0
                text9                              1E7A     1E7A       1C         0
                text8                              17B4     17B4       AE         0
                text7                               684      684      584         0
                text6                              1996     1996       74         0
                text5                              13C2     13C2      144         0
                text4                              160E     160E       E4         0
                text3                              1CF0     1CF0       46         0
                text2                               EA0      EA0      1D8         0
                text1                               C08      C08      298         0
                text0                              1908     1908       8E         0
                cinit                              1BA4     1BA4       58         0
                idataBANK0                         1B48     1B48       5B         0
                idataCOMRAM                        1F52     1F52        1         0

        CLASS   CONST          

        CLASS   SMALLCONST     
                smallconst                          600      600       84         0

        CLASS   MEDIUMCONST    

        CLASS   COMRAM         
                temp                                 4B       4B        1         1
                cstackCOMRAM                          1        1       25         1
                dataCOMRAM                           4A       4A        1         1
                bssCOMRAM                            26       26       24         1

        CLASS   ABS1           

        CLASS   BIGRAM         

        CLASS   RAM            

        CLASS   BANK0          
                dataBANK0                            60       60       5B         1

        CLASS   BANK1          
                bssBANK1                            100      100       A0         1

        CLASS   BANK2          

        CLASS   BANK3          

        CLASS   BANK4          

        CLASS   BANK5          

        CLASS   SFR            

        CLASS   BIGSFR         

        CLASS   CONFIG         
                config                           300000   300000        E         4

        CLASS   IDLOC          
                idloc                            200000   200000        8         5

        CLASS   EEDATA         

        CLASS   FARRAM         

        CLASS   HEAP           

        CLASS   STACK          



SEGMENTS        Name                           Load    Length   Top    Selector   Space  Class

                reset_vec                      000000  000004  000004         0       0  CODE    
                cstackCOMRAM                   000001  00004B  00004C         1       1  COMRAM  
                intcode                        000008  00000A  000012         4       0  CODE    
                dataBANK0                      000060  00005B  0000BB        60       1  BANK0   
                bssBANK1                       000100  0000A0  0001A0       100       1  BANK1   
                smallconst                     000600  000084  000684       300       0  SMALLCON
                text7                          000684  00151F  001BA3       342       0  CODE    
                cinit                          001BA4  0003AF  001F53       DD2       0  CODE    


UNUSED ADDRESS RANGES

        Name                Unused          Largest block    Delta
        BANK0            0000BB-0000FF               45
        BANK1            0001A0-0001FF               60
        BANK2            000200-0002FF              100
        BANK3            000300-0003FF              100
        BANK4            000400-0004FF              100
        BANK5            000500-0005FF              100
        BIGRAM           00004C-00005F               14
                         0000BB-0000FF               45
                         0001A0-0005FF              460
        BIGSFR           000D00-000FFF              300
        CODE             000004-000007                4
                         000012-0005FF              5EE
                         001BA3-001BA3                1
                         001F53-007FFF             60AD
        COMRAM           00004C-00005F               14
        CONST            000004-000007                4
                         000012-0005FF              5EE
                         001BA3-001BA3                1
                         001F53-007FFF             60AD
        EEDATA           F00000-F000FF              100
        MEDIUMCONST      001BA3-001BA3                1
                         001F53-007FFF             60AD
        RAM              0000BB-0000FF               45
                         0001A0-0005FF              100
        SFR              000D00-000FFF              100
        SMALLCONST       001BA3-001BA3                1
                         001F53-007FFF              100

                                  Symbol Table

?___awdiv                         cstackCOMRAM 000001
?___awmod                         cstackCOMRAM 000001
?___lwdiv                         cstackCOMRAM 000008
?_read_adc                        cstackCOMRAM 000001
_ABDEN                            (abs)        007DC0
_ABDOVF                           (abs)        007DC7
_ACKDT                            (abs)        007E2D
_ACKEN                            (abs)        007E2C
_ACKSTAT                          (abs)        007E2E
_ACQT0                            (abs)        007E03
_ACQT1                            (abs)        007E04
_ACQT2                            (abs)        007E05
_ADCON0                           (abs)        000FC2
_ADCS0                            (abs)        007E00
_ADCS1                            (abs)        007E01
_ADCS2                            (abs)        007E02
_ADFM                             (abs)        007E07
_ADON                             (abs)        007E10
_ADRESH                           (abs)        000FC4
_ADRESL                           (abs)        000FC3
_BCLIF                            (abs)        007D0B
_BRG16                            (abs)        007DC3
_BRGH                             (abs)        007D62
_CKE                              (abs)        007E3E
_CREN                             (abs)        007D5C
_GO                               (abs)        007E11
_GODONE                           (abs)        007E11
_PEN                              (abs)        007E2A
_PORTB                            (abs)        000F81
_PORTD                            (abs)        000F83
_PSA                              (abs)        007EAB
_RB1                              (abs)        007C09
_RB2                              (abs)        007C0A
_RB3                              (abs)        007C0B
_RB4                              (abs)        007C0C
_RB5                              (abs)        007C0D
_RB6                              (abs)        007C0E
_RB7                              (abs)        007C0F
_RBPU                             (abs)        007F8F
_RC0                              (abs)        007C10
_RC1                              (abs)        007C11
_RC2                              (abs)        007C12
_RCEN                             (abs)        007E2B
_RCIF                             (abs)        007CF5
_RCREG                            (abs)        000FAE
_RD7                              (abs)        007C1F
_RSEN                             (abs)        007E29
_RX9                              (abs)        007D5E
_SEN                              (abs)        007E28
_SENDB                            (abs)        007D63
_SMP                              (abs)        007E3F
_SPBRG                            (abs)        000FAF
_SPEN                             (abs)        007D5F
_SSPADD                           (abs)        000FC8
_SSPBUF                           (abs)        000FC9
_SSPCON1                          (abs)        000FC6
_SSPIF                            (abs)        007CF3
_SYNC                             (abs)        007D64
_T08BIT                           (abs)        007EAE
_T0CS                             (abs)        007EAD
_TMR0                             (abs)        000FD6
_TMR0IE                           (abs)        007F95
_TMR0IF                           (abs)        007F92
_TMR0ON                           (abs)        007EAF
_TMR2                             (abs)        000FCC
_TMR2IF                           (abs)        007CF1
_TRISB                            (abs)        000F93
_TRISC                            (abs)        000F94
_TRISC3                           (abs)        007CA3
_TRISC4                           (abs)        007CA4
_TRISC6                           (abs)        007CA6
_TRISC7                           (abs)        007CA7
_TRISD                            (abs)        000F95
_TRISD7                           (abs)        007CAF
_TX9                              (abs)        007D66
_TXEN                             (abs)        007D65
_TXIF                             (abs)        007CF4
_TXREG                            (abs)        000FAD
_VCFG0                            (abs)        007E0C
_VCFG1                            (abs)        007E0D
_WUE                              (abs)        007DC1
__HRAM                            (abs)        000000
__H__absolute__                   __absolute__ 000000
__Habs1                           abs1         000000
__Hbank0                          bank0        000000
__Hbank1                          bank1        000000
__Hbank2                          bank2        000000
__Hbank3                          bank3        000000
__Hbank4                          bank4        000000
__Hbank5                          bank5        000000
__Hbigbss                         bigbss       000000
__Hbigdata                        bigdata      000000
__Hbigram                         bigram       000000
__Hbigsfr                         bigsfr       000000
__Hbss                            bss          000000
__HbssBANK1                       bssBANK1     000000
__HbssCOMRAM                      bssCOMRAM    000000
__Hcinit                          cinit        000000
__Hclrtext                        clrtext      000000
__Hcomram                         comram       000000
__Hconfig                         config       30000E
__Hconst                          const        000000
__HcstackCOMRAM                   cstackCOMRAM 000000
__Hdata                           data         000000
__HdataBANK0                      dataBANK0    000000
__HdataCOMRAM                     dataCOMRAM   000000
__Heeprom_data                    eeprom_data  000000
__Hfarbss                         farbss       000000
__Hfardata                        fardata      000000
__Hheap                           heap         000000
__Hibigdata                       ibigdata     000000
__Hidata                          idata        000000
__HidataBANK0                     idataBANK0   000000
__HidataCOMRAM                    idataCOMRAM  000000
__Hidloc                          idloc        200008
__Hifardata                       ifardata     000000
__Hinit                           init         000012
__Hintcode                        intcode      00000E
__Hintcode_body                   intcode_body 000000
__Hintcodelo                      intcodelo    00000E
__Hintentry                       intentry     000000
__Hintret                         intret       000000
__Hintsave_regs                   intsave_regs 000000
__Hirdata                         irdata       000000
__Hmediumconst                    mediumconst  000000
__HnvFARRAM                       nvFARRAM     000000
__Hnvbit                          nvbit        000000
__Hnvrram                         nvrram       000000
__Hparam                          rparam       000000
__Hpowerup                        powerup      00000E
__Hram                            ram          000000
__Hramtop                         ramtop       000600
__Hrbit                           rbit         000000
__Hrbss                           rbss         000000
__Hrdata                          rdata        000000
__Hreset_vec                      reset_vec    000004
__Hrparam                         rparam       000000
__Hsfr                            sfr          000000
__Hsivt_hi                        sivt_hi      000000
__Hsivt_lo                        sivt_lo      000000
__Hsmallconst                     smallconst   000684
__Hspace_0                        (abs)        001F53
__Hspace_1                        (abs)        0001A0
__Hspace_2                        (abs)        000000
__Hspace_4                        (abs)        60000E
__Hstack                          stack        000000
__Hstruct                         struct       000000
__Htemp                           temp         00004C
__Htext                           text         000000
__Htext0                          text0        000000
__Htext1                          text1        000000
__Htext10                         text10       000000
__Htext11                         text11       000000
__Htext12                         text12       000000
__Htext13                         text13       000000
__Htext14                         text14       000000
__Htext15                         text15       000000
__Htext16                         text16       000000
__Htext17                         text17       000000
__Htext18                         text18       000000
__Htext19                         text19       000000
__Htext2                          text2        000000
__Htext20                         text20       000000
__Htext21                         text21       000000
__Htext22                         text22       000000
__Htext23                         text23       000000
__Htext24                         text24       000000
__Htext25                         text25       000000
__Htext26                         text26       000000
__Htext27                         text27       000000
__Htext28                         text28       000000
__Htext29                         text29       000000
__Htext3                          text3        000000
__Htext30                         text30       000000
__Htext31                         text31       000000
__Htext32                         text32       000000
__Htext33                         text33       000000
__Htext34                         text34       000000
__Htext35                         text35       000000
__Htext36                         text36       000000
__Htext37                         text37       000000
__Htext38                         text38       000000
__Htext39                         text39       000000
__Htext4                          text4        000000
__Htext5                          text5        000000
__Htext6                          text6        000000
__Htext7                          text7        000000
__Htext8                          text8        000000
__Htext9                          text9        000000
__LRAM                            (abs)        000001
__L__absolute__                   __absolute__ 000000
__Labs1                           abs1         000000
__Lbank0                          bank0        000000
__Lbank1                          bank1        000000
__Lbank2                          bank2        000000
__Lbank3                          bank3        000000
__Lbank4                          bank4        000000
__Lbank5                          bank5        000000
__Lbigbss                         bigbss       000000
__Lbigdata                        bigdata      000000
__Lbigram                         bigram       000000
__Lbigsfr                         bigsfr       000000
__Lbss                            bss          000000
__LbssBANK1                       bssBANK1     000000
__LbssCOMRAM                      bssCOMRAM    000000
__Lcinit                          cinit        000000
__Lclrtext                        clrtext      000000
__Lcomram                         comram       000000
__Lconfig                         config       000000
__Lconst                          const        000000
__LcstackCOMRAM                   cstackCOMRAM 000000
__Ldata                           data         000000
__LdataBANK0                      dataBANK0    000000
__LdataCOMRAM                     dataCOMRAM   000000
__Leeprom_data                    eeprom_data  000000
__Lfarbss                         farbss       000000
__Lfardata                        fardata      000000
__Lheap                           heap         000000
__Libigdata                       ibigdata     000000
__Lidata                          idata        000000
__LidataBANK0                     idataBANK0   000000
__LidataCOMRAM                    idataCOMRAM  000000
__Lidloc                          idloc        000000
__Lifardata                       ifardata     000000
__Linit                           init         00000E
__Lintcode                        intcode      000008
__Lintcode_body                   intcode_body 000000
__Lintcodelo                      intcodelo    00000E
__Lintentry                       intentry     000000
__Lintret                         intret       000000
__Lintsave_regs                   intsave_regs 000000
__Lirdata                         irdata       000000
__Lmediumconst                    mediumconst  000000
__LnvFARRAM                       nvFARRAM     000000
__Lnvbit                          nvbit        000000
__Lnvrram                         nvrram       000000
__Lparam                          rparam       000000
__Lpowerup                        powerup      00000E
__Lram                            ram          000000
__Lramtop                         ramtop       000600
__Lrbit                           rbit         000000
__Lrbss                           rbss         000000
__Lrdata                          rdata        000000
__Lreset_vec                      reset_vec    000000
__Lrparam                         rparam       000000
__Lsfr                            sfr          000000
__Lsivt_hi                        sivt_hi      000000
__Lsivt_lo                        sivt_lo      000000
__Lsmallconst                     smallconst   000600
__Lspace_0                        (abs)        000000
__Lspace_1                        (abs)        000000
__Lspace_2                        (abs)        000000
__Lspace_4                        (abs)        000000
__Lstack                          stack        000000
__Lstruct                         struct       000000
__Ltemp                           temp         00004B
__Ltext                           text         000000
__Ltext0                          text0        000000
__Ltext1                          text1        000000
__Ltext10                         text10       000000
__Ltext11                         text11       000000
__Ltext12                         text12       000000
__Ltext13                         text13       000000
__Ltext14                         text14       000000
__Ltext15                         text15       000000
__Ltext16                         text16       000000
__Ltext17                         text17       000000
__Ltext18                         text18       000000
__Ltext19                         text19       000000
__Ltext2                          text2        000000
__Ltext20                         text20       000000
__Ltext21                         text21       000000
__Ltext22                         text22       000000
__Ltext23                         text23       000000
__Ltext24                         text24       000000
__Ltext25                         text25       000000
__Ltext26                         text26       000000
__Ltext27                         text27       000000
__Ltext28                         text28       000000
__Ltext29                         text29       000000
__Ltext3                          text3        000000
__Ltext30                         text30       000000
__Ltext31                         text31       000000
__Ltext32                         text32       000000
__Ltext33                         text33       000000
__Ltext34                         text34       000000
__Ltext35                         text35       000000
__Ltext36                         text36       000000
__Ltext37                         text37       000000
__Ltext38                         text38       000000
__Ltext39                         text39       000000
__Ltext4                          text4        000000
__Ltext5                          text5        000000
__Ltext6                          text6        000000
__Ltext7                          text7        000000
__Ltext8                          text8        000000
__Ltext9                          text9        000000
__S0                              (abs)        001F53
__S1                              (abs)        0001A0
__S4                              (abs)        000000
__S5                              (abs)        000000
___awdiv                          text26       0016F2
___awdiv@counter                  cstackCOMRAM 000005
___awdiv@dividend                 cstackCOMRAM 000001
___awdiv@divisor                  cstackCOMRAM 000003
___awdiv@quotient                 cstackCOMRAM 000007
___awdiv@sign                     cstackCOMRAM 000006
___awmod                          text8        0017B4
___awmod@counter                  cstackCOMRAM 000005
___awmod@dividend                 cstackCOMRAM 000001
___awmod@divisor                  cstackCOMRAM 000003
___awmod@sign                     cstackCOMRAM 000006
___heap_hi                        (abs)        000000
___heap_lo                        (abs)        000000
___inthi_sp                       stack        000000
___inthi_stack_hi                 stack        000000
___inthi_stack_lo                 stack        000000
___intlo_sp                       stack        000000
___intlo_stack_hi                 stack        000000
___intlo_stack_lo                 stack        000000
___lwdiv                          text6        001996
___lwdiv@counter                  cstackCOMRAM 00000E
___lwdiv@dividend                 cstackCOMRAM 000008
___lwdiv@divisor                  cstackCOMRAM 00000A
___lwdiv@quotient                 cstackCOMRAM 00000C
___param_bank                     (abs)        000000
___rparam_used                    (abs)        000001
___sp                             stack        000000
___stack_hi                       stack        000000
___stack_lo                       stack        000000
__accesstop                       (abs)        000060
__activetblptr                    (abs)        000002
__end_of___awdiv                  text26       0017B4
__end_of___awmod                  text8        001862
__end_of___lwdiv                  text6        001A0A
__end_of__initialization          cinit        001BEE
__end_of_clcd_print               text38       001AEA
__end_of_clcd_putch               text28       001ECA
__end_of_clcd_write               text39       001DB0
__end_of_clear_data               text32       001DE6
__end_of_clear_log                text29       001C54
__end_of_display_main_menu        text27       001250
__end_of_download_log             text18       0013C2
__end_of_event_store              text5        001506
__end_of_get_rtc_time             text4        0016F2
__end_of_i2c_idle                 text37       001F08
__end_of_i2c_no_ack               text23       001F52
__end_of_i2c_read                 text21       001F20
__end_of_i2c_rep_start            text20       001F34
__end_of_i2c_rx_mode              text22       001F3C
__end_of_i2c_start                text36       001F4C
__end_of_i2c_stop                 text35       001F44
__end_of_i2c_write                text34       001F2C
__end_of_init_adc                 text17       001EB2
__end_of_init_clcd                text16       001908
__end_of_init_config              text9        001E96
__end_of_init_ds1307              text13       001CF0
__end_of_init_i2c                 text12       001EE0
__end_of_init_matrix_keypad       text11       001F14
__end_of_init_uart                text10       001E5C
__end_of_isr                      intcode_body 001D76
__end_of_main                     text0        001996
__end_of_putch                    text25       001EF6
__end_of_puts                     text24       001B48
__end_of_read_adc                 text3        001D36
__end_of_read_ds1307              text15       001E10
__end_of_read_external_eeprom     text19       001E3A
__end_of_read_matrix_keypad       text30       001A7E
__end_of_scan_key                 text31       00160E
__end_of_set_time                 text7        000C08
__end_of_view_dashboard           text2        001078
__end_of_view_log                 text1        000EA0
__end_of_write_ds1307             text14       001E7A
__end_of_write_external_eeprom    text33       001CA8
__initialization                  cinit        001BA4
__mediumconst                     mediumconst  000000
__pbssBANK1                       bssBANK1     000100
__pbssCOMRAM                      bssCOMRAM    000026
__pcinit                          cinit        001BA4
__pcstackCOMRAM                   cstackCOMRAM 000001
__pdataBANK0                      dataBANK0    000060
__pdataCOMRAM                     dataCOMRAM   00004A
__pidataBANK0                     idataBANK0   001B48
__pidataCOMRAM                    idataCOMRAM  001F52
__pintcode                        intcode      000008
__pintcode_body                   intcode_body 001D36
__psmallconst                     smallconst   000600
__ptext0                          text0        001908
__ptext1                          text1        000C08
__ptext10                         text10       001E3A
__ptext11                         text11       001F08
__ptext12                         text12       001ECA
__ptext13                         text13       001CA8
__ptext14                         text14       001E5C
__ptext15                         text15       001DE6
__ptext16                         text16       001862
__ptext17                         text17       001E96
__ptext18                         text18       001250
__ptext19                         text19       001E10
__ptext2                          text2        000EA0
__ptext20                         text20       001F2C
__ptext21                         text21       001F14
__ptext22                         text22       001F34
__ptext23                         text23       001F4C
__ptext24                         text24       001AEA
__ptext25                         text25       001EE0
__ptext26                         text26       0016F2
__ptext27                         text27       001078
__ptext28                         text28       001EB2
__ptext29                         text29       001BFC
__ptext3                          text3        001CF0
__ptext30                         text30       001A0A
__ptext31                         text31       001506
__ptext32                         text32       001DB0
__ptext33                         text33       001C54
__ptext34                         text34       001F20
__ptext35                         text35       001F3C
__ptext36                         text36       001F44
__ptext37                         text37       001EF6
__ptext38                         text38       001A7E
__ptext39                         text39       001D76
__ptext4                          text4        00160E
__ptext5                          text5        0013C2
__ptext6                          text6        001996
__ptext7                          text7        000684
__ptext8                          text8        0017B4
__ptext9                          text9        001E7A
__ramtop                          ramtop       000600
__smallconst                      smallconst   000600
_clcd_print                       text38       001A7E
_clcd_putch                       text28       001EB2
_clcd_write                       text39       001D76
_clear_data                       text32       001DB0
_clear_log                        text29       001BFC
_clock_reg                        bssCOMRAM    00002A
_delay                            bssCOMRAM    000026
_display_main_menu                text27       001078
_download_data                    bssBANK1     000100
_download_log                     text18       001250
_event_store                      text5        0013C2
_field                            bssCOMRAM    000037
_flag                             bssCOMRAM    000038
_gear_index                       bssCOMRAM    000035
_gears                            dataBANK0    0000A0
_get_rtc_time                     text4        00160E
_hour                             bssCOMRAM    00003B
_i2c_idle                         text37       001EF6
_i2c_no_ack                       text23       001F4C
_i2c_read                         text21       001F14
_i2c_rep_start                    text20       001F2C
_i2c_rx_mode                      text22       001F34
_i2c_start                        text36       001F44
_i2c_stop                         text35       001F3C
_i2c_write                        text34       001F20
_init_adc                         text17       001E96
_init_clcd                        text16       001862
_init_config                      text9        001E7A
_init_ds1307                      text13       001CA8
_init_i2c                         text12       001ECA
_init_matrix_keypad               text11       001F08
_init_uart                        text10       001E3A
_isr                              intcode      000008
_log_index                        bssCOMRAM    00003D
_main                             text0        001908
_main_menu                        dataBANK0    000060
_menu_no                          bssCOMRAM    00002F
_min                              bssCOMRAM    00003A
_putch                            text25       001EE0
_puts                             text24       001AEA
_read_adc                         text3        001CF0
_read_addr                        bssCOMRAM    00003E
_read_ds1307                      text15       001DE6
_read_external_eeprom             text19       001E10
_read_matrix_keypad               text30       001A0A
_scan_key                         text31       001506
_sec                              bssCOMRAM    000039
_set_time                         text7        000684
_speed                            bssCOMRAM    000033
_star                             bssCOMRAM    00002D
_state                            bssCOMRAM    000040
_time                             bssCOMRAM    000041
_view_dashboard                   text2        000EA0
_view_log                         text1        000C08
_write_addr                       bssCOMRAM    00003F
_write_ds1307                     text14       001E5C
_write_external_eeprom            text33       001C54
btemp                             temp         00004B
clcd_print@addr                   cstackCOMRAM 000005
clcd_print@data                   cstackCOMRAM 000003
clcd_putch@addr                   cstackCOMRAM 000009
clcd_putch@data                   cstackCOMRAM 00000A
clcd_write@byte                   cstackCOMRAM 000002
clcd_write@control_bit            cstackCOMRAM 000001
clear_data@i                      cstackCOMRAM 00000A
clear_log@key                     cstackCOMRAM 00000C
display_main_menu@key             cstackCOMRAM 00000F
display_main_menu@select_menu     cstackCOMRAM 00000D
download_log@buffer               cstackCOMRAM 000010
download_log@download_index       bssCOMRAM    00003C
download_log@wait                 cstackCOMRAM 00000C
end_of_initialization             cinit        001BEE
event_store@buffer                cstackCOMRAM 00000B
event_store@i                     cstackCOMRAM 000017
event_store@store_speed           cstackCOMRAM 000015
event_store@time                  cstackCOMRAM 00000A
get_rtc_time@time                 cstackCOMRAM 000004
i2c_write@data                    cstackCOMRAM 000001
init_ds1307@dummy                 cstackCOMRAM 000004
int$flags                         temp         00004B
int_func                          intcode_body 001D36
intlevel0                         text         000000
intlevel1                         text         000000
intlevel2                         text         000000
intlevel3                         text         000000
isa$std                           (abs)        000001
isa$xinst                         (abs)        000000
isr@count                         bssCOMRAM    000031
putch@byte                        cstackCOMRAM 000001
puts@s                            cstackCOMRAM 000002
read_adc@channel                  cstackCOMRAM 000007
read_adc@reg_val                  cstackCOMRAM 000005
read_ds1307@address               cstackCOMRAM 000002
read_ds1307@data                  cstackCOMRAM 000003
read_external_eeprom@address      cstackCOMRAM 000002
read_external_eeprom@data         cstackCOMRAM 000003
read_matrix_keypad@detection_type cstackCOMRAM 000001
read_matrix_keypad@key            cstackCOMRAM 000002
read_matrix_keypad@once           dataCOMRAM   00004A
set_time@key                      cstackCOMRAM 00000F
stackhi                           (abs)        000000
stacklo                           (abs)        000000
start                             init         00000E
start_initialization              cinit        001BA4
ttemp5                            temp         00004C
ttemp6                            temp         00004F
ttemp7                            temp         000053
view_dashboard@key                cstackCOMRAM 00001A
view_log@delay                    cstackCOMRAM 000010
view_log@key                      cstackCOMRAM 000014
write_ds1307@address              cstackCOMRAM 000003
write_ds1307@data                 cstackCOMRAM 000002
write_external_eeprom@address     cstackCOMRAM 000009
write_external_eeprom@data        cstackCOMRAM 000004
write_external_eeprom@wait        cstackCOMRAM 000005
wtemp8                            temp         00004C


MODULE INFORMATION

Module		Function		Class		Link	Load	Size
uart.c
		_putch         		CODE           	1EE0	0000	22
		_init_uart     		CODE           	1E3A	0000	34
		_puts          		CODE           	1AEA	0000	94

uart.c estimated size: 150

view_dashboard.c
		_get_rtc_time  		CODE           	160E	0000	228
		_event_store   		CODE           	13C2	0000	324
		_view_dashboard		CODE           	0EA0	0000	472

view_dashboard.c estimated size: 1024

I2C.c
		_i2c_start     		CODE           	1F44	0000	8
		_i2c_no_ack    		CODE           	1F4C	0000	6
		_i2c_rep_start 		CODE           	1F2C	0000	8
		_i2c_idle      		CODE           	1EF6	0000	18
		_i2c_write     		CODE           	1F20	0000	12
		_i2c_stop      		CODE           	1F3C	0000	8
		_i2c_read      		CODE           	1F14	0000	12
		_init_i2c      		CODE           	1ECA	0000	22
		_i2c_rx_mode   		CODE           	1F34	0000	8

I2C.c estimated size: 102

C:\Program Files\Microchip\xc8\v2.50\pic\sources\c99\common\awmod.c
		___awmod       		CODE           	17B4	0000	174

C:\Program Files\Microchip\xc8\v2.50\pic\sources\c99\common\awmod.c estimated size: 174

display_main_menu.c
		_display_main_menu		CODE           	1078	0000	472

display_main_menu.c estimated size: 472

ds1307.c
		_read_ds1307   		CODE           	1DE6	0000	42
		_write_ds1307  		CODE           	1E5C	0000	30
		_init_ds1307   		CODE           	1CA8	0000	72

ds1307.c estimated size: 144

logs.c
		_view_log      		CODE           	0C08	0000	664
		_clear_data    		CODE           	1DB0	0000	54
		_download_log  		CODE           	1250	0000	370
		_clear_log     		CODE           	1BFC	0000	88

logs.c estimated size: 1176

adc.c
		_init_adc      		CODE           	1E96	0000	28
		_read_adc      		CODE           	1CF0	0000	70

adc.c estimated size: 98

mkp.c
		_init_matrix_keypad		CODE           	1F08	0000	12
		_read_matrix_keypad		CODE           	1A0A	0000	116
		_scan_key      		CODE           	1506	0000	264

mkp.c estimated size: 392

isr.c
		_isr           		CODE           	0008	0000	70

isr.c estimated size: 70

external_eeprom.c
		_write_external_eeprom		CODE           	1C54	0000	84
		_read_external_eeprom		CODE           	1E10	0000	42

external_eeprom.c estimated size: 126

shared
		__initialization		CODE           	1BA4	0000	74

shared estimated size: 74

clcd.c
		_clcd_write    		CODE           	1D76	0000	58
		_clcd_print    		CODE           	1A7E	0000	108
		_clcd_putch    		CODE           	1EB2	0000	24
		_init_clcd     		CODE           	1862	0000	166

clcd.c estimated size: 356

C:\Program Files\Microchip\xc8\v2.50\pic\sources\c99\common\lwdiv.c
		___lwdiv       		CODE           	1996	0000	116

C:\Program Files\Microchip\xc8\v2.50\pic\sources\c99\common\lwdiv.c estimated size: 116

C:\Program Files\Microchip\xc8\v2.50\pic\sources\c99\common\awdiv.c
		___awdiv       		CODE           	16F2	0000	194

C:\Program Files\Microchip\xc8\v2.50\pic\sources\c99\common\awdiv.c estimated size: 194

set_time.c
		_set_time      		CODE           	0684	0000	1412

set_time.c estimated size: 1412

main.c
		_main          		CODE           	1908	0000	142
		_init_config   		CODE           	1E7A	0000	28

main.c estimated size: 170

